// Jest Snapshot v1, https://goo.gl/fbAQLP

exports[`Cart EmptyCart component renders correctly 1`] = `
<div>
  <div
    class="LoadingSpinner"
  >
    Loading ...
  </div>
</div>
`;

exports[`Cart matches snapshot 1`] = `<DocumentFragment />`;
