// Jest Snapshot v1, https://goo.gl/fbAQLP

exports[`EmptyCart matches snapshot 1`] = `
<DocumentFragment>
  <div
    class="LoadingSpinner"
  >
    Loading ...
  </div>
</DocumentFragment>
`;

exports[`ProductCard matches snapshot 1`] = `
<DocumentFragment>
  <div
    class="LoadingSpinner"
  >
    Loading ...
  </div>
</DocumentFragment>
`;
