// Jest Snapshot v1, https://goo.gl/fbAQLP

exports[`NavBar BrandList component renders correctly 1`] = `<div />`;

exports[`NavBar Cart component renders correctly 1`] = `<div />`;

exports[`NavBar CategoryList component renders correctly 1`] = `<div />`;

exports[`NavBar TagLists component renders correctly 1`] = `<div />`;

exports[`NavBar Toggler component renders correctly 1`] = `
<div>
  <nav
    class="navbar navbar-expand-bg navbar-light"
    style="padding: 0px;"
  >
    <div
      class="container-fluid"
    >
      <button
        aria-controls="offcanvasNavbar-expand"
        aria-label="Toggle navigation"
        class="navbar-toggler collapsed"
        type="button"
      >
        <span
          class="navbar-toggler-icon"
        />
      </button>
      <div
        class="NavBar-name-div"
      >
        <a
          class="NavBar-name"
          href="/products"
        >
          Prettify
        </a>
      </div>
      <div
        aria-labelledby="offcanvasNavbarLabel-expand"
        class="offcanvas offcanvas-start"
        id="offcanvasNavbar-expand"
      >
        <h3
          class="Toggler-h3"
        >
          Please login to see.
        </h3>
      </div>
    </div>
  </nav>
</div>
`;

exports[`NavBar matches snapshot 1`] = `
<DocumentFragment>
  <nav
    class="navbar navbar-expand navbar-light sticky-top"
    style="background-color: rgb(193, 111, 184); padding: 1rem; height: 4rem;"
  />
  <nav
    class="navbar navbar-expand-bg navbar-light"
    style="padding: 0px;"
  >
    <div
      class="container-fluid"
    >
      <button
        aria-controls="offcanvasNavbar-expand"
        aria-label="Toggle navigation"
        class="navbar-toggler collapsed"
        type="button"
      >
        <span
          class="navbar-toggler-icon"
        />
      </button>
      <div
        class="NavBar-name-div"
      >
        <a
          class="NavBar-name"
          href="/products"
        >
          Prettify
        </a>
      </div>
      <div
        aria-labelledby="offcanvasNavbarLabel-expand"
        class="offcanvas offcanvas-start"
        id="offcanvasNavbar-expand"
      >
        <div
          class="offcanvas-header"
        >
          <div
            class="offcanvas-title h5"
            id="offcanvasNavbarLabel-expand"
            style="color: purple; left: 0px; right: 0px; margin: auto;"
          >
            Prettify
          </div>
          <button
            aria-label="Close"
            class="btn-close"
            type="button"
          />
        </div>
        <div
          class="offcanvas-body"
        >
          <ul
            class="Toggler-ul"
          >
            <li>
              <a
                href="/products"
              >
                ALL
              </a>
            </li>
            <li>
              <a
                href="/"
              >
                 BRANDS 
              </a>
            </li>
            <li>
              <a
                href="/"
              >
                CATEGORY
              </a>
            </li>
            <li>
              <a
                href="/"
              >
                TAGS
              </a>
            </li>
          </ul>
        </div>
        <a
          class="Toggler-bag"
          href="/"
        >
          <svg
            fill="currentColor"
            height="30"
            stroke="currentColor"
            stroke-width="0"
            viewBox="0 0 1024 1024"
            width="30"
            xmlns="http://www.w3.org/2000/svg"
          >
            <path
              d="M922.9 701.9H327.4l29.9-60.9 496.8-.9c16.8 0 31.2-12 34.2-28.6l68.8-385.1c1.8-10.1-.9-20.5-7.5-28.4a34.99 34.99 0 0 0-26.6-12.5l-632-2.1-5.4-25.4c-3.4-16.2-18-28-34.6-28H96.5a35.3 35.3 0 1 0 0 70.6h125.9L246 312.8l58.1 281.3-74.8 122.1a34.96 34.96 0 0 0-3 36.8c6 11.9 18.1 19.4 31.5 19.4h62.8a102.43 102.43 0 0 0-20.6 61.7c0 56.6 46 102.6 102.6 102.6s102.6-46 102.6-102.6c0-22.3-7.4-44-20.6-61.7h161.1a102.43 102.43 0 0 0-20.6 61.7c0 56.6 46 102.6 102.6 102.6s102.6-46 102.6-102.6c0-22.3-7.4-44-20.6-61.7H923c19.4 0 35.3-15.8 35.3-35.3a35.42 35.42 0 0 0-35.4-35.2zM305.7 253l575.8 1.9-56.4 315.8-452.3.8L305.7 253zm96.9 612.7c-17.4 0-31.6-14.2-31.6-31.6 0-17.4 14.2-31.6 31.6-31.6s31.6 14.2 31.6 31.6a31.6 31.6 0 0 1-31.6 31.6zm325.1 0c-17.4 0-31.6-14.2-31.6-31.6 0-17.4 14.2-31.6 31.6-31.6s31.6 14.2 31.6 31.6a31.6 31.6 0 0 1-31.6 31.6z"
            />
          </svg>
        </a>
        <a
          class="Toggler-logout"
          href="/"
          style="margin-bottom: 35px;"
        >
          Log out
        </a>
      </div>
    </div>
  </nav>
  <nav
    class="navbar navbar-expand-lg navbar-light sticky-top"
  >
    <div
      class="container"
    >
      <div
        class="navbar-collapse collapse"
        id="responsive-navbar-nav"
      >
        <div
          class="mr-auto navbar-nav"
          style="left: 0px; right: 0px; margin: auto;"
        >
          <a
            class="NavBar-link"
            href="/products"
          >
            ALL
          </a>
          <a
            class="NavBar-link"
            href="/types/nail/nail_polish"
          >
            NAIL
          </a>
          <div
            class="NavBar-dropdown nav-item dropdown"
          >
            <a
              aria-expanded="false"
              class="dropdown-toggle nav-link"
              href="#"
              role="button"
              tabindex="0"
            >
              EYES
            </a>
          </div>
          <div
            class="NavBar-dropdown nav-item dropdown"
          >
            <a
              aria-expanded="false"
              class="dropdown-toggle nav-link"
              href="#"
              role="button"
              tabindex="0"
            >
              LIPS
            </a>
          </div>
          <div
            class="NavBar-dropdown nav-item dropdown"
          >
            <a
              aria-expanded="false"
              class="dropdown-toggle nav-link"
              href="#"
              role="button"
              tabindex="0"
            >
              FACE
            </a>
          </div>
          <div
            class="nav-item"
            style="padding-top: 5px;"
          >
            <a
              class="NavBar-link"
              href="/"
            >
              BRANDS
            </a>
          </div>
          <div
            class="nav-item"
            style="padding-top: 5px;"
          >
            <a
              class="NavBar-link"
              href="/"
            >
              CATEGORIES
            </a>
          </div>
          <div
            class="nav-item"
            style="padding-top: 5px;"
          >
            <a
              class="NavBar-link"
              href="/"
            >
              TAGS
            </a>
          </div>
          <a
            class="Navbar-bag"
            href="/"
          >
            <svg
              fill="currentColor"
              height="30"
              stroke="currentColor"
              stroke-width="0"
              viewBox="0 0 1024 1024"
              width="30"
              xmlns="http://www.w3.org/2000/svg"
            >
              <path
                d="M922.9 701.9H327.4l29.9-60.9 496.8-.9c16.8 0 31.2-12 34.2-28.6l68.8-385.1c1.8-10.1-.9-20.5-7.5-28.4a34.99 34.99 0 0 0-26.6-12.5l-632-2.1-5.4-25.4c-3.4-16.2-18-28-34.6-28H96.5a35.3 35.3 0 1 0 0 70.6h125.9L246 312.8l58.1 281.3-74.8 122.1a34.96 34.96 0 0 0-3 36.8c6 11.9 18.1 19.4 31.5 19.4h62.8a102.43 102.43 0 0 0-20.6 61.7c0 56.6 46 102.6 102.6 102.6s102.6-46 102.6-102.6c0-22.3-7.4-44-20.6-61.7h161.1a102.43 102.43 0 0 0-20.6 61.7c0 56.6 46 102.6 102.6 102.6s102.6-46 102.6-102.6c0-22.3-7.4-44-20.6-61.7H923c19.4 0 35.3-15.8 35.3-35.3a35.42 35.42 0 0 0-35.4-35.2zM305.7 253l575.8 1.9-56.4 315.8-452.3.8L305.7 253zm96.9 612.7c-17.4 0-31.6-14.2-31.6-31.6 0-17.4 14.2-31.6 31.6-31.6s31.6 14.2 31.6 31.6a31.6 31.6 0 0 1-31.6 31.6zm325.1 0c-17.4 0-31.6-14.2-31.6-31.6 0-17.4 14.2-31.6 31.6-31.6s31.6 14.2 31.6 31.6a31.6 31.6 0 0 1-31.6 31.6z"
              />
            </svg>
            <span
              class="bag-quantity"
            >
              0
            </span>
          </a>
          <div
            class="Profile-dropdown nav-item dropdown"
            style="margin-top: 10px;"
          >
            <a
              aria-expanded="false"
              class="dropdown-toggle nav-link"
              href="#"
              role="button"
              tabindex="0"
            >
              <svg
                fill="none"
                height="1em"
                stroke="currentColor"
                stroke-width="0"
                viewBox="0 0 24 24"
                width="1em"
                xmlns="http://www.w3.org/2000/svg"
              >
                <path
                  clip-rule="evenodd"
                  d="M16 9C16 11.2091 14.2091 13 12 13C9.79086 13 8 11.2091 8 9C8 6.79086 9.79086 5 12 5C14.2091 5 16 6.79086 16 9ZM14 9C14 10.1046 13.1046 11 12 11C10.8954 11 10 10.1046 10 9C10 7.89543 10.8954 7 12 7C13.1046 7 14 7.89543 14 9Z"
                  fill="currentColor"
                  fill-rule="evenodd"
                />
                <path
                  clip-rule="evenodd"
                  d="M12 1C5.92487 1 1 5.92487 1 12C1 18.0751 5.92487 23 12 23C18.0751 23 23 18.0751 23 12C23 5.92487 18.0751 1 12 1ZM3 12C3 14.0902 3.71255 16.014 4.90798 17.5417C6.55245 15.3889 9.14627 14 12.0645 14C14.9448 14 17.5092 15.3531 19.1565 17.4583C20.313 15.9443 21 14.0524 21 12C21 7.02944 16.9706 3 12 3C7.02944 3 3 7.02944 3 12ZM12 21C9.84977 21 7.87565 20.2459 6.32767 18.9878C7.59352 17.1812 9.69106 16 12.0645 16C14.4084 16 16.4833 17.1521 17.7538 18.9209C16.1939 20.2191 14.1881 21 12 21Z"
                  fill="currentColor"
                  fill-rule="evenodd"
                />
              </svg>
            </a>
          </div>
          <a
            class="Navbar-logout"
            href="/"
          >
            Logout
          </a>
        </div>
      </div>
    </div>
  </nav>
</DocumentFragment>
`;
