// Jest Snapshot v1, https://goo.gl/fbAQLP

exports[`matches snapshot 1`] = `
<DocumentFragment>
  <div>
    <h1>
      404 Not Found
    </h1>
    <p>
      The page you are looking for could not be found.
    </p>
  </div>
</DocumentFragment>
`;
