// Jest Snapshot v1, https://goo.gl/fbAQLP

exports[`Product matches snapshot 1`] = `
<DocumentFragment>
  <div>
    <div
      class="Product-div"
    >
      <div
        class="container"
        style="margin-top: 5rem;"
      >
        <div
          class="justify-content-center align-items-center row"
        >
          <div
            class="text-center mb-4 mb-md-0 col-md-6 col-12"
          >
            <img
              class="ProductDetail-image"
              src="spinning image.png"
              style="width: 30rem; height: 30rem; background-color: white;"
            />
          </div>
          <div
            class="col-md-6 col-12"
          >
            <div
              class="ProductDetail-info"
            >
              <h5
                class="ProductDetail-name"
              />
              <p
                class="ProductDetail-description"
              />
              <small
                class="ProductCard-price"
              >
                 NaN 
              </small>
              <small
                class="ms-2 text-muted priceBefore"
              >
                 before NaN 
              </small>
              <div
                class="ProductDetail-rating"
              >
                <small>
                  (NaN)
                </small>
                <p>
                  () Reviews
                </p>
              </div>
              <button
                class="btn btn-warning"
                style="margin-top: 2rem;"
                type="button"
              >
                ADD To CART
              </button>
            </div>
          </div>
        </div>
      </div>
    </div>
  </div>
</DocumentFragment>
`;
