// Jest Snapshot v1, https://goo.gl/fbAQLP

exports[`matches snapshot 1`] = `
<DocumentFragment>
  <div
    class="SearchForm mb-2"
  >
    <form
      class="form-inline d-flex"
    >
      <input
        class="form-control form-control-lg flex-grow-1 mr-2"
        name="searchTerm"
        placeholder="Search for product.."
        value=""
      />
      <button
        class="btn btn-lg btn-primary"
        type="submit"
      >
        Submit
      </button>
    </form>
  </div>
</DocumentFragment>
`;
